Using configuration file: /tmp/pq1-fontverify.ini
Debuglevel (from command line): 1
Using SDL Video Driver "x11"
creating SurfaceSDL graphics manager
creating OpenGL graphics manager
creating SurfaceSDL graphics manager
Using SDL Audio Driver "alsa"
ALSA lib confmisc.c:855:(parse_card) cannot find card '0'
ALSA lib conf.c:5180:(_snd_config_evaluate) function snd_func_card_inum returned error: No such file or directory
ALSA lib confmisc.c:422:(snd_func_concat) error evaluating strings
ALSA lib conf.c:5180:(_snd_config_evaluate) function snd_func_concat returned error: No such file or directory
ALSA lib confmisc.c:1334:(snd_func_refer) error evaluating name
ALSA lib conf.c:5180:(_snd_config_evaluate) function snd_func_refer returned error: No such file or directory
ALSA lib conf.c:5703:(snd_config_expand) Evaluate error: No such file or directory
ALSA lib pcm.c:2666:(snd_pcm_open_noupdate) Unknown PCM default
WARNING: Could not open audio device: ALSA: Couldn't open audio device: No such file or directory!
WARNING: You are missing a valid 'translations.dat' file. GUI translation will not be available!
HardwareInput with ID 'JOY_START' not known
HardwareInput with ID 'JOY_LEFT_STICK_Y-' not known
HardwareInput with ID 'JOY_LEFT_STICK_Y+' not known
HardwareInput with ID 'JOY_LEFT_STICK_X-' not known
HardwareInput with ID 'JOY_LEFT_STICK_X+' not known
HardwareInput with ID 'JOY_RIGHT_SHOULDER' not known
CPU extensions:
SSE2(enabled) AVX2(enabled) NEON(not supported)
User picked target 'pq1' (engine ID 'agi', game ID 'pq1')...
WARNING: Detection entry for 'agi:ddp' contains only blacklisted names. Add more files to the entry (6cc7d630c2771ade7058460a765e0cb9)
Running Police Quest: In Pursuit of the Death Angel (2.0G 1987-12-03/DOS/English)
logdir: d194e5d88363095f55d5096b8e32fbbb, 360 bytes.
HardwareInput with ID 'JOY_A' not known
HardwareInput with ID 'JOY_B' not known
HardwareInput with ID 'JOY_LEFT_SHOULDER' not known
HardwareInput with ID 'JOY_Y' not known
HardwareInput with ID 'JOY_X' not known
HardwareInput with ID 'JOY_UP' not known
HardwareInput with ID 'JOY_DOWN' not known
HardwareInput with ID 'JOY_LEFT' not known
HardwareInput with ID 'JOY_RIGHT' not known
Setting 640 x 480 -> 640 x 480 -- 1
WARNING: generateZipSet: Could not find 'gui-icons.dat'!
WARNING: Could not find theme 'scummremastered' falling back to builtin!
AGI-CHT: Big5 字型 pq1_big5.fnt 已載入
AGI-CHT: 載入 2816 則翻譯
AGI-CHT: 標題疊圖已載入 (376x46 @ 132,320)
AGI: Using PC-BIOS font
Setting up for version 0x2917
Emulating Sierra AGI v2.917
Loading directory: logdir
Loading directory: picdir
Loading directory: viewdir
Loading directory: snddir
Decrypting objects... done.
Reading objects: 25 objects read.
Loading dictionary: words.tok
Running AGI script
script.size(250)
Game ID: "PQ"
